[INFO] Scanning for projects...
[INFO] 
[INFO] ----------------------------< lin:configUi >----------------------------
[INFO] Building configUi 1.0.0
[INFO]   from pom.xml
[INFO] --------------------------------[ jar ]---------------------------------
[WARNING] The POM for lin:WeightHandlerStrategy:jar:1.0.0 is invalid, transitive dependencies (if any) will not be available: 3 problems were encountered while building the effective model for lin:WeightHandlerStrategy:1.0.0
[ERROR] 'dependencies.dependency.version' for io.insert-koin:koin-core-jvm:jar is missing. @ 
[ERROR] 'dependencies.dependency.version' for com.fasterxml.jackson.datatype:jackson-datatype-jsr310:jar is missing. @ 
[ERROR] 'dependencies.dependency.version' for com.fasterxml.jackson.module:jackson-module-kotlin:jar is missing. @ 

[WARNING] 6 problems were encountered while building the effective model for org.openjfx:javafx-controls:jar:22 during dependency collection step for project (use -X to see details)
[INFO] 
[INFO] --- build-helper:3.4.0:add-source (add-generated-sources) @ configUi ---
[INFO] Source directory: G:\liw_work\jiaoBen\Deck-Plugin-Market\configUi\target\generated-sources\version added.
[INFO] 
[INFO] --- kotlin:2.2.0:kapt (kapt) @ configUi ---
[INFO] Applied plugin: 'kotlinx-serialization'
[INFO] 
[INFO] --- resources:3.3.1:resources (default-resources) @ configUi ---
[INFO] Copying 2 resources from src\main\resources to target\classes
[INFO] 
[INFO] --- kotlin:2.2.0:compile (compile) @ configUi ---
[INFO] Applied plugin: 'kotlinx-serialization'
[WARNING] file:///G:/liw_work/jiaoBen/Deck-Plugin-Market/configUi/src/main/kotlin/lin/tree_config/ui/strategy/EvaluatorTreeConfigStrategy.kt:19:43 Unchecked cast of 'Any?' to 'List<EvaluatorTreeBinding>'.
[WARNING] file:///G:/liw_work/jiaoBen/Deck-Plugin-Market/configUi/src/main/kotlin/lin/tree_config/ui/strategy/EvaluatorTreeConfigStrategy.kt:20:49 Unchecked cast of 'Any?' to 'Map<String, EvaluatorLeafConfig>'.
[INFO] 
[INFO] --- compiler:3.12.1:compile (compile) @ configUi ---
[INFO] Nothing to compile - all classes are up to date.
[INFO] ------------------------------------------------------------------------
[INFO] BUILD SUCCESS
[INFO] ------------------------------------------------------------------------
[INFO] Total time:  25.392 s
[INFO] Finished at: 2026-06-14T09:15:48+08:00
[INFO] ------------------------------------------------------------------------
